---
source: crates/axt-ctxpack/tests/modes.rs
expression: "String::from_utf8(agent.get_output().stdout.clone())?"
---
schema=axt.ctxpack.agent.v1 ok=true mode=records patterns=1 files=1 matched=1 hits=4 warnings=0 bytes=280 truncated=false
H pattern=todo path=../../fixtures/axt-ctxpack/src/lib.rs line=2 col=6 start=46 end=50 kind=string src=ast lang=rust node=string_content symbol=build_message text=TODO snippet="2:    \"TODO in a string\""
H pattern=todo path=../../fixtures/axt-ctxpack/src/lib.rs line=5 col=4 start=70 end=74 kind=comment src=ast lang=rust node=line_comment symbol=- text=TODO snippet="5:// TODO: replace temporary fallback"
H pattern=todo path=../../fixtures/axt-ctxpack/src/lib.rs line=14 col=21 start=256 end=260 kind=test src=ast lang=rust node=string_content symbol=todo_test text=TODO snippet="14:        assert_eq!(\"TODO\", \"TODO\");"
H pattern=todo path=../../fixtures/axt-ctxpack/src/lib.rs line=14 col=29 start=264 end=268 kind=test src=ast lang=rust node=string_content symbol=todo_test text=TODO snippet="14:        assert_eq!(\"TODO\", \"TODO\");"
S run="axt-ctxpack ../../fixtures/axt-ctxpack/src/lib.rs --pattern 'todo=TODO' --context 2 --agent"
