---
source: crates/axt-test/tests/modes.rs
assertion_line: 105
expression: normalize_agent(&agent_stdout)
---
schema=axt.test.agent.v1 ok=false mode=records frameworks=jest total=3 passed=1 failed=1 skipped=1 todo=0 ms=<ms> started=<started> truncated=false U name="checkout flow" framework=jest file=checkout.test.ts passed=1 failed=1 skipped=1 ms=<ms> C status=failed name=fails framework=jest file=checkout.test.ts line=<line> ms=<ms> suite="checkout flow" message="expected 200, got 500" C status=skipped name=skips framework=jest file=checkout.test.ts line=<line> ms=<ms> suite="checkout flow" S run="axt-test"
