---
source: crates/axt-test/tests/modes.rs
expression: normalize_agent(&stdout)
---
{"schema":"axt.test.summary.v1","type":"summary","frameworks":[],"total":0,"passed":0,"failed":0,"skipped":0,"todo":0,"duration_ms":"<duration_ms>","started":"<started>","truncated":false,"next":[]} {"schema":"axt.test.case.v1","type":"case","framework":"cargo","status":"failed","name":"tests::fails","suite":null,"file":null,"line":"<line>","duration_ms":"<duration_ms>","failure":{"message":"tests::fails","stack":null,"actual":null,"expected":null,"diff":null},"stdout":null,"stderr":null} {"schema":"axt.test.suite.v1","type":"suite","framework":"cargo","name":"cargo","file":null,"passed":1,"failed":1,"skipped":1,"todo":0,"duration_ms":"<duration_ms>"} {"schema":"axt.test.summary.v1","type":"summary","frameworks":["cargo"],"total":3,"passed":1,"failed":1,"skipped":1,"todo":0,"duration_ms":"<duration_ms>","started":"<started>","truncated":false,"next":["axt-test --rerun-failed --include-output --agent","axt-test --top-failures 5 --include-output --json"]}
