---
source: crates/axt-test/tests/modes.rs
expression: normalize_agent(&stdout)
---
schema=axt.test.agent.v1 ok=false mode=records frameworks=bun total=3 passed=1 failed=1 skipped=1 todo=0 ms=<ms> started=<started> truncated=false U name=suite framework=bun file=sample.test passed=1 failed=1 skipped=1 ms=<ms> C status=failed name=fails framework=bun file=sample.test line=<line> ms=<ms> suite=suite message="expected true" C status=skipped name=skips framework=bun file=sample.test line=<line> ms=<ms> suite=suite S run="axt-test"
