---
source: crates/axt-slice/tests/modes.rs
expression: "String::from_utf8(envelope.get_output().stdout.clone())?"
---
{"schema":"axt.slice.v1","ok":true,"data":{"path":"../../fixtures/axt-slice/src/lib.rs","language":"rust","selection":{"kind":"symbol","query":"process_request"},"status":"selected","summary":{"matches":1,"candidates":0,"source_bytes":113,"truncated":false},"symbol":{"name":"process_request","qualified_name":"process_request","kind":"fn","visibility":"pub","range":{"start_line":22,"end_line":24},"parent":null},"range":{"start_line":20,"end_line":24},"spans":[{"start_line":20,"end_line":24}],"source":"/// Process one request.\n#[inline]\npub fn process_request(req: Request) -> Response {\n    Response::ok(req.id)\n}\n","candidates":[],"warnings":[],"next":[]},"warnings":[],"errors":[]}
