---
source: crates/axt-slice/tests/modes.rs
expression: "String::from_utf8(agent.get_output().stdout.clone())?"
---
{"schema":"axt.slice.summary.v1","type":"summary","ok":true,"p":"../../fixtures/axt-slice/src/lib.rs","l":"rust","status":"selected","matches":1,"candidates":0,"source_bytes":113,"truncated":false,"next":[]}
{"schema":"axt.slice.source.v1","type":"source","p":"../../fixtures/axt-slice/src/lib.rs","l":"rust","k":"fn","n":"process_request","qn":"process_request","range":{"start_line":20,"end_line":24},"spans":[{"start_line":20,"end_line":24}],"symbol_range":{"start_line":22,"end_line":24},"source":"/// Process one request.\n#[inline]\npub fn process_request(req: Request) -> Response {\n    Response::ok(req.id)\n}\n"}
