---
source: crates/axt-outline/tests/modes.rs
assertion_line: 69
expression: "String::from_utf8(plain.get_output().stdout.clone())?"
---
root=. files=1 symbols=13 warnings=0 source_bytes=727 signature_bytes=324 truncated=false
../../fixtures/axt-outline/src/lib.rs:3-3 use private std::fmt::Display
  use std::fmt::Display
../../fixtures/axt-outline/src/lib.rs:6-8 struct pub Widget
  pub struct Widget
  docs: Public widget data.
../../fixtures/axt-outline/src/lib.rs:10-19 impl private Widget
  impl Widget
../../fixtures/axt-outline/src/lib.rs:12-14 fn pub new
  pub fn new(id: u64) -> Self
  docs: Create a widget.
../../fixtures/axt-outline/src/lib.rs:16-18 fn private id
  fn id(&self) -> u64
../../fixtures/axt-outline/src/lib.rs:22-25 trait pub Render
  pub trait Render
  docs: Render values.
../../fixtures/axt-outline/src/lib.rs:27-30 enum crate Mode
  pub(crate) enum Mode
../../fixtures/axt-outline/src/lib.rs:32-32 type private WidgetId
  type WidgetId = u64
../../fixtures/axt-outline/src/lib.rs:34-34 const private DEFAULT_ID
  const DEFAULT_ID: u64 = 1
../../fixtures/axt-outline/src/lib.rs:36-41 mod pub nested
  pub mod nested
../../fixtures/axt-outline/src/lib.rs:38-40 fn pub nested_fn
  pub fn nested_fn<T: ToString>(value: T) -> String
  docs: Nested public function.
../../fixtures/axt-outline/src/lib.rs:43-45 macro private fixture_macro
  macro_rules! fixture_macro { () => {}; }
../../fixtures/axt-outline/src/lib.rs:47-49 fn pub display
  pub fn display<T: Display>(value: T) -> String
