---
source: crates/axt-outline/tests/modes.rs
assertion_line: 105
expression: "String::from_utf8(agent.get_output().stdout.clone())?"
---
schema=axt.outline.agent.v1 ok=true mode=records files=1 symbols=13 warnings=0 source_bytes=727 signature_bytes=324 truncated=false
Y path=../../fixtures/axt-outline/src/lib.rs lang=rust kind=use visibility=private name=std::fmt::Display line=3 end_line=3 parent=- signature="use std::fmt::Display" docs=-
Y path=../../fixtures/axt-outline/src/lib.rs lang=rust kind=struct visibility=pub name=Widget line=6 end_line=8 parent=- signature="pub struct Widget" docs="Public widget data."
Y path=../../fixtures/axt-outline/src/lib.rs lang=rust kind=impl visibility=private name=Widget line=10 end_line=19 parent=- signature="impl Widget" docs=-
Y path=../../fixtures/axt-outline/src/lib.rs lang=rust kind=fn visibility=pub name=new line=12 end_line=14 parent=Widget signature="pub fn new(id: u64) -> Self" docs="Create a widget."
Y path=../../fixtures/axt-outline/src/lib.rs lang=rust kind=fn visibility=private name=id line=16 end_line=18 parent=Widget signature="fn id(&self) -> u64" docs=-
Y path=../../fixtures/axt-outline/src/lib.rs lang=rust kind=trait visibility=pub name=Render line=22 end_line=25 parent=- signature="pub trait Render" docs="Render values."
Y path=../../fixtures/axt-outline/src/lib.rs lang=rust kind=enum visibility=crate name=Mode line=27 end_line=30 parent=- signature="pub(crate) enum Mode" docs=-
Y path=../../fixtures/axt-outline/src/lib.rs lang=rust kind=type visibility=private name=WidgetId line=32 end_line=32 parent=- signature="type WidgetId = u64" docs=-
Y path=../../fixtures/axt-outline/src/lib.rs lang=rust kind=const visibility=private name=DEFAULT_ID line=34 end_line=34 parent=- signature="const DEFAULT_ID: u64 = 1" docs=-
Y path=../../fixtures/axt-outline/src/lib.rs lang=rust kind=mod visibility=pub name=nested line=36 end_line=41 parent=- signature="pub mod nested" docs=-
Y path=../../fixtures/axt-outline/src/lib.rs lang=rust kind=fn visibility=pub name=nested_fn line=38 end_line=40 parent=nested signature="pub fn nested_fn<T: ToString>(value: T) -> String" docs="Nested public function."
Y path=../../fixtures/axt-outline/src/lib.rs lang=rust kind=macro visibility=private name=fixture_macro line=43 end_line=45 parent=- signature="macro_rules! fixture_macro { () => {}; }" docs=-
Y path=../../fixtures/axt-outline/src/lib.rs lang=rust kind=fn visibility=pub name=display line=47 end_line=49 parent=- signature="pub fn display<T: Display>(value: T) -> String" docs=-
S run="axt-slice ../../fixtures/axt-outline/src/lib.rs --symbol std::fmt::Display --agent"
