---
source: crates/axt-outline/tests/modes.rs
expression: "String::from_utf8(agent.get_output().stdout.clone())?"
---
{"schema":"axt.outline.summary.v1","type":"summary","ok":true,"root":".","files":6,"symbols":33,"warnings":0,"source_bytes":1871,"signature_bytes":914,"truncated":false,"next":["axt-slice ../../fixtures/axt-outline/langs/Service.java --symbol example.service --agent"]}
{"schema":"axt.outline.symbol.v1","type":"symbol","p":"../../fixtures/axt-outline/langs/Service.java","l":"java","k":"package","vis":"pub","n":"example.service","sig":"package example.service","docs":null,"range":{"start_line":1,"end_line":1},"parent":null}
{"schema":"axt.outline.symbol.v1","type":"symbol","p":"../../fixtures/axt-outline/langs/Service.java","l":"java","k":"class","vis":"pub","n":"Service","sig":"public class Service","docs":"User service.","range":{"start_line":4,"end_line":13},"parent":null}
{"schema":"axt.outline.symbol.v1","type":"symbol","p":"../../fixtures/axt-outline/langs/Service.java","l":"java","k":"method","vis":"pub","n":"load","sig":"public User load(String id)","docs":"Load one user.","range":{"start_line":6,"end_line":8},"parent":"Service"}
{"schema":"axt.outline.symbol.v1","type":"symbol","p":"../../fixtures/axt-outline/langs/Service.java","l":"java","k":"method","vis":"private","n":"cacheKey","sig":"private String cacheKey(String id)","docs":null,"range":{"start_line":10,"end_line":12},"parent":"Service"}
{"schema":"axt.outline.symbol.v1","type":"symbol","p":"../../fixtures/axt-outline/langs/Service.java","l":"java","k":"interface","vis":"package","n":"UserPort","sig":"interface UserPort","docs":null,"range":{"start_line":15,"end_line":17},"parent":null}
{"schema":"axt.outline.symbol.v1","type":"symbol","p":"../../fixtures/axt-outline/langs/Service.java","l":"java","k":"method","vis":"package","n":"find","sig":"User find(String id)","docs":null,"range":{"start_line":16,"end_line":16},"parent":"UserPort"}
{"schema":"axt.outline.symbol.v1","type":"symbol","p":"../../fixtures/axt-outline/langs/Service.php","l":"php","k":"namespace","vis":"pub","n":"Example\\Service","sig":"namespace Example\\Service","docs":null,"range":{"start_line":3,"end_line":3},"parent":null}
{"schema":"axt.outline.symbol.v1","type":"symbol","p":"../../fixtures/axt-outline/langs/Service.php","l":"php","k":"class","vis":"pub","n":"Service","sig":"class Service","docs":"User service.","range":{"start_line":6,"end_line":18},"parent":null}
{"schema":"axt.outline.symbol.v1","type":"symbol","p":"../../fixtures/axt-outline/langs/Service.php","l":"php","k":"method","vis":"pub","n":"load","sig":"public function load(string $id): User","docs":"Load one user.","range":{"start_line":9,"end_line":12},"parent":"Service"}
{"schema":"axt.outline.symbol.v1","type":"symbol","p":"../../fixtures/axt-outline/langs/Service.php","l":"php","k":"method","vis":"private","n":"cacheKey","sig":"private function cacheKey(string $id): string","docs":null,"range":{"start_line":14,"end_line":17},"parent":"Service"}
{"schema":"axt.outline.symbol.v1","type":"symbol","p":"../../fixtures/axt-outline/langs/Service.php","l":"php","k":"interface","vis":"pub","n":"UserPort","sig":"interface UserPort","docs":null,"range":{"start_line":20,"end_line":23},"parent":null}
{"schema":"axt.outline.symbol.v1","type":"symbol","p":"../../fixtures/axt-outline/langs/Service.php","l":"php","k":"method","vis":"pub","n":"find","sig":"public function find(string $id): User","docs":null,"range":{"start_line":22,"end_line":22},"parent":"UserPort"}
{"schema":"axt.outline.symbol.v1","type":"symbol","p":"../../fixtures/axt-outline/langs/module.py","l":"python","k":"class","vis":"pub","n":"UserRepository","sig":"class UserRepository:","docs":"User repository.","range":{"start_line":2,"end_line":8},"parent":null}
{"schema":"axt.outline.symbol.v1","type":"symbol","p":"../../fixtures/axt-outline/langs/module.py","l":"python","k":"method","vis":"pub","n":"find","sig":"def find(self, user_id: str) -> dict:","docs":"Find one user.","range":{"start_line":4,"end_line":5},"parent":"UserRepository"}
{"schema":"axt.outline.symbol.v1","type":"symbol","p":"../../fixtures/axt-outline/langs/module.py","l":"python","k":"method","vis":"private","n":"_cache_key","sig":"def _cache_key(self, user_id: str) -> str:","docs":null,"range":{"start_line":7,"end_line":8},"parent":"UserRepository"}
{"schema":"axt.outline.symbol.v1","type":"symbol","p":"../../fixtures/axt-outline/langs/module.py","l":"python","k":"fn","vis":"pub","n":"create_repository","sig":"def create_repository() -> UserRepository:","docs":"Create a repository.","range":{"start_line":12,"end_line":13},"parent":null}
{"schema":"axt.outline.symbol.v1","type":"symbol","p":"../../fixtures/axt-outline/langs/script.js","l":"javascript","k":"fn","vis":"pub","n":"start","sig":"function start()","docs":"Start the app.","range":{"start_line":2,"end_line":4},"parent":null}
{"schema":"axt.outline.symbol.v1","type":"symbol","p":"../../fixtures/axt-outline/langs/script.js","l":"javascript","k":"class","vis":"pub","n":"Runner","sig":"class Runner","docs":null,"range":{"start_line":6,"end_line":10},"parent":null}
{"schema":"axt.outline.symbol.v1","type":"symbol","p":"../../fixtures/axt-outline/langs/script.js","l":"javascript","k":"method","vis":"pub","n":"run","sig":"run()","docs":null,"range":{"start_line":7,"end_line":9},"parent":"Runner"}
{"schema":"axt.outline.symbol.v1","type":"symbol","p":"../../fixtures/axt-outline/langs/service.go","l":"go","k":"package","vis":"pub","n":"service","sig":"package service","docs":null,"range":{"start_line":1,"end_line":1},"parent":null}
{"schema":"axt.outline.symbol.v1","type":"symbol","p":"../../fixtures/axt-outline/langs/service.go","l":"go","k":"struct","vis":"pub","n":"User","sig":"type User struct { ID string }","docs":"User is a domain user.","range":{"start_line":4,"end_line":6},"parent":null}
{"schema":"axt.outline.symbol.v1","type":"symbol","p":"../../fixtures/axt-outline/langs/service.go","l":"go","k":"interface","vis":"pub","n":"Store","sig":"type Store interface { Load(id string) User }","docs":"Store loads users.","range":{"start_line":9,"end_line":11},"parent":null}
{"schema":"axt.outline.symbol.v1","type":"symbol","p":"../../fixtures/axt-outline/langs/service.go","l":"go","k":"fn","vis":"pub","n":"NewStore","sig":"func NewStore() Store","docs":"NewStore creates a store.","range":{"start_line":14,"end_line":16},"parent":null}
{"schema":"axt.outline.symbol.v1","type":"symbol","p":"../../fixtures/axt-outline/langs/service.go","l":"go","k":"fn","vis":"private","n":"helper","sig":"func helper()","docs":null,"range":{"start_line":18,"end_line":18},"parent":null}
{"schema":"axt.outline.symbol.v1","type":"symbol","p":"../../fixtures/axt-outline/langs/service.go","l":"go","k":"method","vis":"pub","n":"Load","sig":"func (u User) Load(id string) User","docs":"Load attaches to User.","range":{"start_line":21,"end_line":23},"parent":null}
{"schema":"axt.outline.symbol.v1","type":"symbol","p":"../../fixtures/axt-outline/langs/service.ts","l":"typescript","k":"interface","vis":"pub","n":"UserService","sig":"interface UserService","docs":"User service contract.","range":{"start_line":4,"end_line":7},"parent":null}
{"schema":"axt.outline.symbol.v1","type":"symbol","p":"../../fixtures/axt-outline/langs/service.ts","l":"typescript","k":"method","vis":"pub","n":"load","sig":"load(id: string): Promise<User>","docs":"Load one user.","range":{"start_line":6,"end_line":6},"parent":"UserService"}
{"schema":"axt.outline.symbol.v1","type":"symbol","p":"../../fixtures/axt-outline/langs/service.ts","l":"typescript","k":"class","vis":"pub","n":"ApiUserService","sig":"class ApiUserService implements UserService","docs":"Concrete user service.","range":{"start_line":10,"end_line":18},"parent":null}
{"schema":"axt.outline.symbol.v1","type":"symbol","p":"../../fixtures/axt-outline/langs/service.ts","l":"typescript","k":"method","vis":"pub","n":"load","sig":"public async load(id: string): Promise<User>","docs":null,"range":{"start_line":11,"end_line":13},"parent":"ApiUserService"}
{"schema":"axt.outline.symbol.v1","type":"symbol","p":"../../fixtures/axt-outline/langs/service.ts","l":"typescript","k":"method","vis":"private","n":"cacheKey","sig":"private cacheKey(id: string): string","docs":null,"range":{"start_line":15,"end_line":17},"parent":"ApiUserService"}
{"schema":"axt.outline.symbol.v1","type":"symbol","p":"../../fixtures/axt-outline/langs/service.ts","l":"typescript","k":"fn","vis":"pub","n":"createService","sig":"function createService(): UserService","docs":"Build a service.","range":{"start_line":21,"end_line":23},"parent":null}
{"schema":"axt.outline.symbol.v1","type":"symbol","p":"../../fixtures/axt-outline/langs/service.ts","l":"typescript","k":"type","vis":"pub","n":"UserId","sig":"type UserId = string","docs":null,"range":{"start_line":25,"end_line":25},"parent":null}
{"schema":"axt.outline.symbol.v1","type":"symbol","p":"../../fixtures/axt-outline/langs/service.ts","l":"typescript","k":"const","vis":"pub","n":"DEFAULT_USER_ID","sig":"const DEFAULT_USER_ID = \"root\"","docs":null,"range":{"start_line":27,"end_line":27},"parent":null}
